---
source: prost-reflect/tests/main.rs
expression: actual
---
causes: []
labels: []
message: "'.Enum' is not a message type"
related: []
severity: error

