---
source: prost-reflect/tests/main.rs
expression: actual
---
causes: []
labels: []
message: "enum number '5' conflicts with reserved range '2 to 2147483647'"
related: []
severity: error

