---
source: prost-reflect/tests/main.rs
expression: actual
---
file:
  - enumType:
      - name: Foo
        value:
          - name: DEFAULT
            number: 0
    name: test.proto
    syntax: proto3

