---
source: prost-reflect/tests/main.rs
expression: actual
---
causes: []
labels: []
message: "option field 'unknown' is not defined"
related: []
severity: error

