---
source: prost-reflect/tests/main.rs
expression: actual
---
causes: []
labels: []
message: "field number '1' is already used"
related: []
severity: error

