---
source: prost-reflect/tests/main.rs
expression: actual
---
causes: []
labels: []
message: "invalid default value 'ONE' for type 'foo.Parent.Foo'"
related: []
severity: error

